// Vitest Snapshot v1, https://vitest.dev/guide/snapshot.html

exports[`ContactForm.vue > renders and matches snapshot 1`] = `
"<form data-v-732673bb=""><input data-v-732673bb="" type="text" placeholder="Name" required=""><input data-v-732673bb="" type="email" placeholder="Email" required=""><textarea data-v-732673bb="" placeholder="Message" required=""></textarea><button data-v-732673bb="" type="submit">Submit</button></form>
<!--v-if-->"
`;
